[P2_WORLD_EVENT] type=observation_committed version=1 facts=fact_console_e17
[P2_WORLD_EVENT] type=action_committed version=2 facts=fact_generator_missing_fuse
[P2_WORLD_EVENT] type=action_rejected version=2 facts=
[P2_WORLD_EVENT] type=session_reset version=0 facts=
[P2_WORLD_EVENT] type=observation_committed version=1 facts=fact_console_e17
[P2_WORLD_EVENT] type=action_cancelled version=1 facts=
[P2_WORLD_EVENT] type=action_committed version=2 facts=fact_generator_missing_fuse
[P2_WORLD_EVENT] type=session_reset version=0 facts=
[P2_WORLD_EVENT] type=observation_committed version=1 facts=fact_console_e17
[P2_WORLD_EVENT] type=action_committed version=2 facts=fact_generator_missing_fuse
[P2_WORLD_EVENT] type=action_committed version=2 facts=fact_generator_missing_fuse
[P2_WORLD_EVENT] type=action_committed version=2 facts=
[P2_WORLD_EVENT] type=action_committed version=3 facts=fact_crate_c12_contains_fuse
[P2_WORLD_EVENT] type=action_committed version=4 facts=fact_crate_c12_contains_fuse
[P2_WORLD_EVENT] type=action_committed version=5 facts=fact_fuse_installed
[P2_WORLD_EVENT] type=action_committed version=6 facts=
[P2_WORLD_EVENT] type=action_committed version=7 facts=fact_gate_restarted
[P2_WORLD_EVENT] type=session_reset version=0 facts=
[P2_WORLD_EVENT] type=observation_committed version=1 facts=fact_console_e17
[P2_WORLD_EVENT] type=action_committed version=2 facts=fact_generator_missing_fuse
[P2_WORLD_EVENT] type=action_committed version=2 facts=fact_generator_missing_fuse
[P2_WORLD_EVENT] type=observation_committed version=3 facts=fact_manifest_finn_moved_c12
[P2_WORLD_EVENT] type=action_committed version=3 facts=
[P2_WORLD_EVENT] type=action_committed version=4 facts=
[P2_WORLD_EVENT] type=action_committed version=5 facts=fact_crate_c12_contains_fuse
[P2_WORLD_EVENT] type=action_committed version=6 facts=fact_fuse_installed
[P2_WORLD_EVENT] type=action_committed version=7 facts=
[P2_WORLD_EVENT] type=action_committed version=8 facts=fact_gate_restarted
